2026-07-08 14:49:26,079 - INFO - Daily NAV Update Started
2026-07-08 14:49:31,359 - INFO - SBI_Bluechip downloaded successfully.
2026-07-08 14:49:32,395 - INFO - ICICI_Bluechip downloaded successfully.
2026-07-08 14:49:33,469 - INFO - Nippon_LargeCap downloaded successfully.
2026-07-08 14:49:34,268 - INFO - Axis_Bluechip downloaded successfully.
2026-07-08 14:49:35,102 - INFO - Kotak_Bluechip downloaded successfully.
2026-07-08 14:49:35,102 - INFO - Daily NAV Update Completed
2026-07-08 15:19:53,851 - INFO - Daily NAV Update Started
2026-07-08 15:19:57,214 - INFO - SBI_Bluechip downloaded successfully.
2026-07-08 15:19:58,659 - INFO - ICICI_Bluechip downloaded successfully.
2026-07-08 15:19:59,187 - INFO - Nippon_LargeCap downloaded successfully.
2026-07-08 15:19:59,816 - INFO - Axis_Bluechip downloaded successfully.
2026-07-08 15:20:00,358 - INFO - Kotak_Bluechip downloaded successfully.
2026-07-08 15:20:00,358 - INFO - Daily NAV Update Completed
2026-07-08 15:20:28,870 - INFO - Daily NAV Update Started
2026-07-08 15:20:40,627 - INFO - SBI_Bluechip downloaded successfully.
2026-07-08 15:20:41,271 - INFO - ICICI_Bluechip downloaded successfully.
2026-07-08 15:20:41,773 - INFO - Nippon_LargeCap downloaded successfully.
2026-07-08 15:20:42,228 - INFO - Axis_Bluechip downloaded successfully.
2026-07-08 15:20:42,745 - INFO - Kotak_Bluechip downloaded successfully.
2026-07-08 15:20:42,745 - INFO - Daily NAV Update Completed
2026-07-08 15:20:48,561 - INFO - Daily NAV Update Started
2026-07-08 15:20:57,051 - INFO - SBI_Bluechip downloaded successfully.
2026-07-08 15:20:57,581 - INFO - ICICI_Bluechip downloaded successfully.
2026-07-08 15:20:58,056 - INFO - Nippon_LargeCap downloaded successfully.
2026-07-08 15:21:00,330 - INFO - Axis_Bluechip downloaded successfully.
2026-07-08 15:21:01,044 - INFO - Kotak_Bluechip downloaded successfully.
2026-07-08 15:21:01,044 - INFO - Daily NAV Update Completed
2026-07-08 15:21:08,366 - INFO - Daily NAV Update Started
2026-07-08 15:21:16,685 - INFO - SBI_Bluechip downloaded successfully.
2026-07-08 15:21:17,272 - INFO - ICICI_Bluechip downloaded successfully.
2026-07-08 15:21:17,769 - INFO - Nippon_LargeCap downloaded successfully.
2026-07-08 15:21:18,289 - INFO - Axis_Bluechip downloaded successfully.
2026-07-08 15:21:18,767 - INFO - Kotak_Bluechip downloaded successfully.
2026-07-08 15:21:18,767 - INFO - Daily NAV Update Completed
2026-07-08 20:00:02,616 - INFO - Daily NAV Update Started
2026-07-08 20:00:06,060 - INFO - SBI_Bluechip downloaded successfully.
2026-07-08 20:00:06,577 - INFO - ICICI_Bluechip downloaded successfully.
2026-07-08 20:00:07,056 - INFO - Nippon_LargeCap downloaded successfully.
2026-07-08 20:00:07,651 - INFO - Axis_Bluechip downloaded successfully.
2026-07-08 20:00:08,274 - INFO - Kotak_Bluechip downloaded successfully.
2026-07-08 20:00:08,275 - INFO - Daily NAV Update Completed
